------------------------------------------------------------
TimeQuest Timing Analyzer Summary
------------------------------------------------------------

Type  : Slow Model Setup 'clockDiv2:clockDivider|CK_div2_int'
Slack : -1.342
TNS   : -27.267

Type  : Slow Model Setup 'CLOCK_50'
Slack : 1.996
TNS   : 0.000

Type  : Slow Model Hold 'CLOCK_50'
Slack : -1.726
TNS   : -1.726

Type  : Slow Model Hold 'clockDiv2:clockDivider|CK_div2_int'
Slack : 0.391
TNS   : 0.000

Type  : Slow Model Minimum Pulse Width 'CLOCK_50'
Slack : -1.380
TNS   : -2.380

Type  : Slow Model Minimum Pulse Width 'clockDiv2:clockDivider|CK_div2_int'
Slack : -0.500
TNS   : -35.000

Type  : Fast Model Setup 'clockDiv2:clockDivider|CK_div2_int'
Slack : -0.090
TNS   : -1.108

Type  : Fast Model Setup 'CLOCK_50'
Slack : 1.353
TNS   : 0.000

Type  : Fast Model Hold 'CLOCK_50'
Slack : -0.973
TNS   : -0.973

Type  : Fast Model Hold 'clockDiv2:clockDivider|CK_div2_int'
Slack : 0.215
TNS   : 0.000

Type  : Fast Model Minimum Pulse Width 'CLOCK_50'
Slack : -1.380
TNS   : -2.380

Type  : Fast Model Minimum Pulse Width 'clockDiv2:clockDivider|CK_div2_int'
Slack : -0.500
TNS   : -35.000

------------------------------------------------------------
